// Jest Snapshot v1, https://goo.gl/fbAQLP

exports[`Should render EditExpensePage 1`] = `
<div>
  <div
    className="page-header"
  >
    <div
      className="content-container"
    >
      <h1
        className="page-header__title"
      >
        Edit expense
      </h1>
    </div>
  </div>
  <div
    className="content-container"
  >
    <ExpenseForm
      expense={
        Object {
          "amount": 600,
          "createdAt": 345600000,
          "description": "beer",
          "id": "003",
          "note": "",
        }
      }
      onSubmit={[Function]}
    />
    <button
      className="button__delete"
      onClick={[Function]}
    >
      Remove Expense
    </button>
  </div>
  <DeleteItemModal
    handleClose={[Function]}
    handleOnRemove={[Function]}
    show={false}
  />
</div>
`;
